
> frontend@0.1.0 build
> next build

  Γû▓ Next.js 15.0.0
  - Environments: .env.local

   Creating an optimized production build ...
> [PWA] PWA support is disabled
> [PWA] PWA support is disabled
 Γ£ô Compiled successfully
   Linting and checking validity of types ...
node.exe :  Γ¿» 
ESLint: Cannot find 
module 'C:\Users\naren\
OneDrive\Desktop\Narend
ran\Narendran 
College\SNU 
Hacks\Clauders NEW\Logi
cash\frontend\node_modu
les\eslint-config-next\
core-web-vitals' 
imported from C:\Users\
naren\OneDrive\Desktop\
Narendran\Narendran 
College\SNU 
Hacks\Clauders NEW\Logi
cash\frontend\eslint.co
nfig.mjs Did you mean 
to import "eslint-confi
g-next/core-web-vitals.
js"?
At line:1 char:1
+ & "C:\Program 
Files\nodejs/node.exe" 
"C:\Program 
Files\nodejs/node_mo 
...
+ ~~~~~~~~~~~~~~~~~~~~~
~~~~~~~~~~~~~~~~~~~~~~~
~~~~~~~~~~~~~~~~~~~~~~~
~~
    + CategoryInfo     
         : NotSpecifi  
  ed: ( Γ¿» ESLint:    
 Ca...web-vitals.js    
"?:String) [], Rem    
oteException
    + FullyQualifiedEr 
   rorId : NativeComm  
  andError
 
   Collecting page data ...
   Generating static pages (0/11) ...
 ΓÜá Unsupported 
metadata themeColor is 
configured in metadata 
export in /_not-found. 
Please move it to 
viewport export 
instead.
Read more: https://next
js.org/docs/app/api-ref
erence/functions/genera
te-viewport
 ΓÜá Unsupported 
metadata themeColor is 
configured in metadata 
export in /login. 
Please move it to 
viewport export 
instead.
Read more: https://next
js.org/docs/app/api-ref
erence/functions/genera
te-viewport
 ΓÜá Unsupported 
metadata themeColor is 
configured in metadata 
export in /login. 
Please move it to 
viewport export 
instead.
Read more: https://next
js.org/docs/app/api-ref
erence/functions/genera
te-viewport

Error occurred 
prerendering page 
"/login". Read more: ht
tps://nextjs.org/docs/m
essages/prerender-error

Error: Invalid 
supabaseUrl: Must be a 
valid HTTP or HTTPS 
URL.
    at C:\Users\naren\O
neDrive\Desktop\Narendr
an\Narendran 
College\SNU 
Hacks\Clauders NEW\Logi
cash\frontend\.next\ser
ver\chunks\867.js:37:48
216
    at new rI (C:\Users
\naren\OneDrive\Desktop
\Narendran\Narendran 
College\SNU 
Hacks\Clauders NEW\Logi
cash\frontend\.next\ser
ver\chunks\867.js:37:48
398)
    at rx (C:\Users\nar
en\OneDrive\Desktop\Nar
endran\Narendran 
College\SNU 
Hacks\Clauders NEW\Logi
cash\frontend\.next\ser
ver\chunks\867.js:37:52
138)
    at 2867 (C:\Users\n
aren\OneDrive\Desktop\N
arendran\Narendran 
College\SNU 
Hacks\Clauders NEW\Logi
cash\frontend\.next\ser
ver\app\login\page.js:1
:5845)
    at t (C:\Users\nare
n\OneDrive\Desktop\Nare
ndran\Narendran 
College\SNU 
Hacks\Clauders NEW\Logi
cash\frontend\.next\ser
ver\webpack-runtime.js:
1:127)
    at 6394 (C:\Users\n
aren\OneDrive\Desktop\N
arendran\Narendran 
College\SNU 
Hacks\Clauders NEW\Logi
cash\frontend\.next\ser
ver\app\login\page.js:1
:2523)
    at Object.t [as 
require] (C:\Users\nare
n\OneDrive\Desktop\Nare
ndran\Narendran 
College\SNU 
Hacks\Clauders NEW\Logi
cash\frontend\.next\ser
ver\webpack-runtime.js:
1:127)
    at require (C:\User
s\naren\OneDrive\Deskto
p\Narendran\Narendran 
College\SNU 
Hacks\Clauders NEW\Logi
cash\frontend\node_modu
les\next\dist\compiled\
next-server\app-page.ru
ntime.prod.js:131:7101)
    at i (C:\Users\nare
n\OneDrive\Desktop\Nare
ndran\Narendran 
College\SNU 
Hacks\Clauders NEW\Logi
cash\frontend\node_modu
les\next\dist\compiled\
next-server\app-page.ru
ntime.prod.js:36:105)
    at l (C:\Users\nare
n\OneDrive\Desktop\Nare
ndran\Narendran 
College\SNU 
Hacks\Clauders NEW\Logi
cash\frontend\node_modu
les\next\dist\compiled\
next-server\app-page.ru
ntime.prod.js:36:528)
Failed to build /login/page: /login after 1 attempts.
Failed to build /obligations/page: /obligations after 1 attempts.
Failed to build /emails/page: /emails after 1 attempts.

> Build error occurred
Error: Export 
encountered an error 
on /login/page: 
/login, exiting the 
build.
    at 
exportPageWithRetry (C:
\Users\naren\OneDrive\D
esktop\Narendran\Narend
ran College\SNU 
Hacks\Clauders NEW\Logi
cash\frontend\node_modu
les\next\dist\export\wo
rker.js:289:31)
    at async 
Promise.all (index 5)
    at async C:\Users\n
aren\OneDrive\Desktop\N
arendran\Narendran 
College\SNU 
Hacks\Clauders NEW\Logi
cash\frontend\node_modu
les\next\dist\export\wo
rker.js:319:35
    at async 
Object.exportPages (C:\
Users\naren\OneDrive\De
sktop\Narendran\Narendr
an College\SNU 
Hacks\Clauders NEW\Logi
cash\frontend\node_modu
les\next\dist\export\wo
rker.js:314:5) {
  type: 
'ExportPageError',
  code: 'NEXT_EXPORT_PA
GE_ERROR'
}
